
> Configure project :
Fabric Loom: 1.14.10

> Task :compileJava UP-TO-DATE

[Incubating] Problems report is available at: file:///E:/!!Programming%20stuff/Java/Trouser-Streak-main/build/reports/problems/problems-report.html

Deprecated Gradle features were used in this build, making it incompatible with Gradle 10.

You can use '--warning-mode all' to show the individual deprecation warnings and determine if they come from your own scripts or plugins.

For more on this, please refer to https://docs.gradle.org/9.2.0/userguide/command_line_interface.html#sec:command_line_warnings in the Gradle documentation.

BUILD SUCCESSFUL in 961ms
1 actionable task: 1 up-to-date
Consider enabling configuration cache to speed up this build: https://docs.gradle.org/9.2.0/userguide/configuration_cache_enabling.html
